2026-07-01 13:08:55,021 INFO o.a.j.u.JMeterUtils: Setting Locale to en_EN
2026-07-01 13:08:55,043 INFO o.a.j.JMeter: Loading user properties from: C:\Users\Usuario\Downloads\apache-jmeter-5.6.3\apache-jmeter-5.6.3\bin\user.properties
2026-07-01 13:08:55,044 INFO o.a.j.JMeter: Loading system properties from: C:\Users\Usuario\Downloads\apache-jmeter-5.6.3\apache-jmeter-5.6.3\bin\system.properties
2026-07-01 13:08:55,051 INFO o.a.j.JMeter: Copyright (c) 1998-2024 The Apache Software Foundation
2026-07-01 13:08:55,051 INFO o.a.j.JMeter: Version 5.6.3
2026-07-01 13:08:55,051 INFO o.a.j.JMeter: java.version=21.0.10
2026-07-01 13:08:55,051 INFO o.a.j.JMeter: java.vm.name=Java HotSpot(TM) 64-Bit Server VM
2026-07-01 13:08:55,051 INFO o.a.j.JMeter: os.name=Windows 11
2026-07-01 13:08:55,051 INFO o.a.j.JMeter: os.arch=amd64
2026-07-01 13:08:55,051 INFO o.a.j.JMeter: os.version=10.0
2026-07-01 13:08:55,051 INFO o.a.j.JMeter: file.encoding=UTF-8
2026-07-01 13:08:55,051 INFO o.a.j.JMeter: java.awt.headless=true
2026-07-01 13:08:55,052 INFO o.a.j.JMeter: Max memory     =1073741824
2026-07-01 13:08:55,052 INFO o.a.j.JMeter: Available Processors =8
2026-07-01 13:08:55,063 INFO o.a.j.JMeter: Default Locale=English (EN)
2026-07-01 13:08:55,063 INFO o.a.j.JMeter: JMeter  Locale=English (EN)
2026-07-01 13:08:55,063 INFO o.a.j.JMeter: JMeterHome=C:\Users\Usuario\Downloads\apache-jmeter-5.6.3\apache-jmeter-5.6.3
2026-07-01 13:08:55,064 INFO o.a.j.JMeter: user.dir  =C:\Users\Usuario\OneDrive\Desktop\ESTE ES SOFTWARE EL FINAL FINAL\Laboratorio-4\jmeter
2026-07-01 13:08:55,064 INFO o.a.j.JMeter: PWD       =C:\Users\Usuario\OneDrive\Desktop\ESTE ES SOFTWARE EL FINAL FINAL\Laboratorio-4\jmeter
2026-07-01 13:08:55,066 INFO o.a.j.JMeter: IP: 192.168.1.46 Name: Ariana FullName: Ariana
2026-07-01 13:08:55,082 ERROR o.a.j.JMeter: An error occurred: 
java.lang.IllegalArgumentException: Cannot write to 'C:\Users\Usuario\OneDrive\Desktop\ESTE ES SOFTWARE EL FINAL FINAL\Laboratorio-4\jmeter\taskmanager-report' as folder is not empty
	at org.apache.jorphan.util.JOrphanUtils.canSafelyWriteToFolder(JOrphanUtils.java:664) ~[jorphan.jar:5.6.3]
	at org.apache.jorphan.util.JOrphanUtils.canSafelyWriteToFolder(JOrphanUtils.java:620) ~[jorphan.jar:5.6.3]
	at org.apache.jmeter.JMeter.extractAndSetReportOutputFolder(JMeter.java:542) ~[ApacheJMeter_core.jar:5.6.3]
	at org.apache.jmeter.JMeter.start(JMeter.java:492) [ApacheJMeter_core.jar:5.6.3]
	at java.base/jdk.internal.reflect.DirectMethodHandleAccessor.invoke(DirectMethodHandleAccessor.java:103) ~[?:?]
	at java.base/java.lang.reflect.Method.invoke(Method.java:580) ~[?:?]
	at org.apache.jmeter.NewDriver.main(NewDriver.java:259) [ApacheJMeter.jar:5.6.3]
